it's not compressed!
Loading segment from ROM address 0xff587708
  code (compression=0)
  New segment dstaddr 0x01000000 memsize 0x68d260 srcaddr 0xff5887dc filesize 0x68d260
Loading Segment: addr: 0x01000000 memsz: 0x000000000068d260 filesz: 0x000000000068d260
it's not compressed!
Loading segment from ROM address 0xff587724
  code (compression=0)
  New segment dstaddr 0x00040000 memsize 0xef srcaddr 0xffc15a3c filesize 0xef
Loading Segment: addr: 0x00040000 memsz: 0x00000000000000ef filesz: 0x00000000000000ef
it's not compressed!
Loading segment from ROM address 0xff587740
  Entry Point 0x00040000
BS: BS_PAYLOAD_LOAD run times (exec / console): 5133 / 96 ms
BS: BS_PAYLOAD_LOAD exit times (exec / console): 82 / 0 ms
CRITICAL ERROR: AP call expired. 0/95 CPUs accepted.
mp_park_aps failed after 1004 msecs.
Jumping to boot code at 0x00040000(0x732ac000)
Linux version 4.19.6 (han@han-virtual-machine) (gcc version 7.5.0 (Ubuntu 7.5.0-3ubuntu1~18.04)) #124 Wed Apr 19 12:01:17 CST 2023
Command line: 
x86/fpu: Supporting XSAVE feature 0x001: 'x87 floating point registers'
x86/fpu: Supporting XSAVE feature 0x002: 'SSE registers'
x86/fpu: Supporting XSAVE feature 0x004: 'AVX registers'
x86/fpu: Supporting XSAVE feature 0x008: 'MPX bounds registers'
x86/fpu: Supporting XSAVE feature 0x010: 'MPX CSR'
x86/fpu: Supporting XSAVE feature 0x020: 'AVX-512 opmask'
x86/fpu: Supporting XSAVE feature 0x040: 'AVX-512 Hi256'
x86/fpu: Supporting XSAVE feature 0x080: 'AVX-512 ZMM_Hi256'
x86/fpu: Supporting XSAVE feature 0x200: 'Protection Keys User registers'
x86/fpu: xstate_offset[2]:  576, xstate_sizes[2]:  256
x86/fpu: xstate_offset[3]:  832, xstate_sizes[3]:   64
x86/fpu: xstate_offset[4]:  896, xstate_sizes[4]:   64
x86/fpu: xstate_offset[5]:  960, xstate_sizes[5]:   64
x86/fpu: xstate_offset[6]: 1024, xstate_sizes[6]:  512
x86/fpu: xstate_offset[7]: 1536, xstate_sizes[7]: 1024
x86/fpu: xstate_offset[9]: 2560, xstate_sizes[9]:    8
x86/fpu: Enabled xstate features 0x2ff, context size is 2568 bytes, using 'compacted' format.
BIOS-provided physical RAM map:
BIOS-e820: [mem 0x0000000000000000-0x0000000000000fff] reserved
BIOS-e820: [mem 0x0000000000001000-0x000000000009ffff] usable
BIOS-e820: [mem 0x00000000000a0000-0x00000000000fffff] reserved
BIOS-e820: [mem 0x0000000000100000-0x000000007327ffff] usable
BIOS-e820: [mem 0x0000000073280000-0x000000008fffffff] reserved
BIOS-e820: [mem 0x00000000fd000000-0x00000000fe00ffff] reserved
BIOS-e820: [mem 0x00000000fee00000-0x00000000fee00fff] reserved
BIOS-e820: [mem 0x0000000100000000-0x000000107fffffff] usable
NX (Execute Disable) protection: active
tsc: Detected 3300.000 MHz processor
last_pfn = 0x1080000 max_arch_pfn = 0x400000000
x86/PAT: Configuration [0-7]: WB  WT  UC- UC  WB  WT  UC- UC  
last_pfn = 0x73280 max_arch_pfn = 0x400000000
Using GB pages for direct mapping
ACPI: Early table checksum verification disabled
ACPI: RSDP 0x00000000000F0000 000024 (v02 COREv4)
ACPI: XSDT 0x00000000732880E0 00005C (v01 COREv4 COREBOOT 00000000 CORE 20220331)
ACPI: FACP 0x0000000073288D60 000114 (v06 COREv4 COREBOOT 00000000 CORE 20220331)
ACPI: DSDT 0x0000000073288280 000AD9 (v02 COREv4 COREBOOT 20110725 INTL 20220331)
ACPI: FACS 0x0000000073288240 000040
ACPI: FACS 0x0000000073288240 000040
ACPI: SSDT 0x0000000073288E80 01198A (v02 COREv4 COREBOOT 0000002A CORE 20220331)
ACPI: MCFG 0x000000007329A810 00003C (v01 COREv4 COREBOOT 00000000 CORE 20220331)
ACPI: APIC 0x000000007329A850 000382 (v03 COREv4 COREBOOT 00000000 CORE 20220331)
ACPI: SRAT 0x000000007329ABE0 000680 (v01 COREv4 COREBOOT 00000000 CORE 20220331)
ACPI: SLIT 0x000000007329B260 00002D (v01 COREv4 COREBOOT 00000000 CORE 20220331)
ACPI: HPET 0x000000007329B290 000038 (v01 COREv4 COREBOOT 00000000 CORE 20220331)
Zone ranges:
  DMA32    [mem 0x0000000000001000-0x00000000ffffffff]
  Normal   [mem 0x0000000100000000-0x000000107fffffff]
Movable zone start for each node
Early memory node ranges
  node   0: [mem 0x0000000000001000-0x000000000009ffff]
  node   0: [mem 0x0000000000100000-0x000000007327ffff]
  node   0: [mem 0x0000000100000000-0x000000107fffffff]
Reserved but unavailable: 19937 pages
Initmem setup node 0 [mem 0x0000000000001000-0x000000107fffffff]
APIC: NR_CPUS/possible_cpus limit of 1 reached. Processor 1/0x0 ignored.
APIC: NR_CPUS/possible_cpus limit of 1 reached. Processor 2/0x0 ignored.
APIC: NR_CPUS/possible_cpus limit of 1 reached. Processor 3/0x0 ignored.
APIC: NR_CPUS/possible_cpus limit of 1 reached. Processor 4/0x0 ignored.
APIC: NR_CPUS/possible_cpus limit of 1 reached. Processor 5/0x0 ignored.
APIC: NR_CPUS/possible_cpus limit of 1 reached. Processor 6/0x0 ignored.
APIC: NR_CPUS/possible_cpus limit of 1 reached. Processor 7/0x0 ignored.
APIC: NR_CPUS/possible_cpus limit of 1 reached. Processor 8/0x0 ignored.
APIC: NR_CPUS/possible_cpus limit of 1 reached. Processor 9/0x0 ignored.
APIC: NR_CPUS/possible_cpus limit of 1 reached. Processor 10/0x1 ignored.
APIC: NR_CPUS/possible_cpus limit of 1 reached. Processor 11/0x2 ignored.
APIC: NR_CPUS/possible_cpus limit of 1 reached. Processor 12/0x3 ignored.
APIC: NR_CPUS/possible_cpus limit of 1 reached. Processor 13/0x4 ignored.
APIC: NR_CPUS/possible_cpus limit of 1 reached. Processor 14/0x5 ignored.
APIC: NR_CPUS/possible_cpus limit of 1 reached. Processor 15/0x6 ignored.
APIC: NR_CPUS/possible_cpus limit of 1 reached. Processor 16/0x7 ignored.
APIC: NR_CPUS/possible_cpus limit of 1 reached. Processor 17/0x8 ignored.
APIC: NR_CPUS/possible_cpus limit of 1 reached. Processor 18/0x8 ignored.
APIC: NR_CPUS/possible_cpus limit of 1 reached. Processor 19/0xa ignored.
APIC: NR_CPUS/possible_cpus limit of 1 reached. Processor 20/0xb ignored.
APIC: NR_CPUS/possible_cpus limit of 1 reached. Processor 21/0xb ignored.
APIC: NR_CPUS/possible_cpus limit of 1 reached. Processor 22/0xc ignored.
APIC: NR_CPUS/possible_cpus limit of 1 reached. Processor 23/0xf ignored.
APIC: NR_CPUS/possible_cpus limit of 1 reached. Processor 24/0x11 ignored.
APIC: NR_CPUS/possible_cpus limit of 1 reached. Processor 25/0x12 ignored.
APIC: NR_CPUS/possible_cpus limit of 1 reached. Processor 26/0x15 ignored.
APIC: NR_CPUS/possible_cpus limit of 1 reached. Processor 27/0x16 ignored.
APIC: NR_CPUS/possible_cpus limit of 1 reached. Processor 28/0x17 ignored.
APIC: NR_CPUS/possible_cpus limit of 1 reached. Processor 29/0x17 ignored.
APIC: NR_CPUS/possible_cpus limit of 1 reached. Processor 30/0x18 ignored.
APIC: NR_CPUS/possible_cpus limit of 1 reached. Processor 31/0x18 ignored.
APIC: NR_CPUS/possible_cpus limit of 1 reached. Processor 32/0x19 ignored.
APIC: NR_CPUS/possible_cpus limit of 1 reached. Processor 33/0x1a ignored.
APIC: NR_CPUS/possible_cpus limit of 1 reached. Processor 34/0x1f ignored.
APIC: NR_CPUS/possible_cpus limit of 1 reached. Processor 35/0x21 ignored.
APIC: NR_CPUS/possible_cpus limit of 1 reached. Processor 36/0x22 ignored.
APIC: NR_CPUS/possible_cpus limit of 1 reached. Processor 37/0x23 ignored.
APIC: NR_CPUS/possible_cpus limit of 1 reached. Processor 38/0x23 ignored.
APIC: NR_CPUS/possible_cpus limit of 1 reached. Processor 39/0x24 ignored.
APIC: NR_CPUS/possible_cpus limit of 1 reached. Processor 40/0x24 ignored.
APIC: NR_CPUS/possible_cpus limit of 1 reached. Processor 41/0x25 ignored.
APIC: NR_CPUS/possible_cpus limit of 1 reached. Processor 42/0x26 ignored.
APIC: NR_CPUS/possible_cpus limit of 1 reached. Processor 43/0x27 ignored.
APIC: NR_CPUS/possible_cpus limit of 1 reached. Processor 44/0x27 ignored.
APIC: NR_CPUS/possible_cpus limit of 1 reached. Processor 45/0x28 ignored.
APIC: NR_CPUS/possible_cpus limit of 1 reached. Processor 46/0x29 ignored.
APIC: NR_CPUS/possible_cpus limit of 1 reached. Processor 47/0x29 ignored.
APIC: NR_CPUS/possible_cpus limit of 1 reached. Processor 48/0x2a ignored.
APIC: NR_CPUS/possible_cpus limit of 1 reached. Processor 49/0x2b ignored.
APIC: NR_CPUS/possible_cpus limit of 1 reached. Processor 50/0x2d ignored.
APIC: NR_CPUS/possible_cpus limit of 1 reached. Processor 51/0x30 ignored.
APIC: NR_CPUS/possible_cpus limit of 1 reached. Processor 52/0x30 ignored.
APIC: NR_CPUS/possible_cpus limit of 1 reached. Processor 53/0x31 ignored.
APIC: NR_CPUS/possible_cpus limit of 1 reached. Processor 54/0x31 ignored.
APIC: NR_CPUS/possible_cpus limit of 1 reached. Processor 55/0x32 ignored.
APIC: NR_CPUS/possible_cpus limit of 1 reached. Processor 56/0x32 ignored.
APIC: NR_CPUS/possible_cpus limit of 1 reached. Processor 57/0x33 ignored.
APIC: NR_CPUS/possible_cpus limit of 1 reached. Processor 58/0x35 ignored.
APIC: NR_CPUS/possible_cpus limit of 1 reached. Processor 59/0x35 ignored.
APIC: NR_CPUS/possible_cpus limit of 1 reached. Processor 60/0x36 ignored.
APIC: NR_CPUS/possible_cpus limit of 1 reached. Processor 61/0x37 ignored.
APIC: NR_CPUS/possible_cpus limit of 1 reached. Processor 62/0x37 ignored.
APIC: NR_CPUS/possible_cpus limit of 1 reached. Processor 63/0x38 ignored.
APIC: NR_CPUS/possible_cpus limit of 1 reached. Processor 64/0x38 ignored.
APIC: NR_CPUS/possible_cpus limit of 1 reached. Processor 65/0x39 ignored.
APIC: NR_CPUS/possible_cpus limit of 1 reached. Processor 66/0x39 ignored.
APIC: NR_CPUS/possible_cpus limit of 1 reached. Processor 67/0x3a ignored.
APIC: NR_CPUS/possible_cpus limit of 1 reached. Processor 68/0x3b ignored.
APIC: NR_CPUS/possible_cpus limit of 1 reached. Processor 69/0x3c ignored.
APIC: NR_CPUS/possible_cpus limit of 1 reached. Processor 70/0x3d ignored.
APIC: NR_CPUS/possible_cpus limit of 1 reached. Processor 71/0x3e ignored.
APIC: NR_CPUS/possible_cpus limit of 1 reached. Processor 72/0x3f ignored.
APIC: NR_CPUS/possible_cpus limit of 1 reached. Processor 73/0x40 ignored.
APIC: NR_CPUS/possible_cpus limit of 1 reached. Processor 74/0x41 ignored.
APIC: NR_CPUS/possible_cpus limit of 1 reached. Processor 75/0x42 ignored.
APIC: NR_CPUS/possible_cpus limit of 1 reached. Processor 76/0x43 ignored.
APIC: NR_CPUS/possible_cpus limit of 1 reached. Processor 77/0x45 ignored.
APIC: NR_CPUS/possible_cpus limit of 1 reached. Processor 78/0x46 ignored.
APIC: NR_CPUS/possible_cpus limit of 1 reached. Processor 79/0x47 ignored.
APIC: NR_CPUS/possible_cpus limit of 1 reached. Processor 80/0x48 ignored.
APIC: NR_CPUS/possible_cpus limit of 1 reached. Processor 81/0x49 ignored.
APIC: NR_CPUS/possible_cpus limit of 1 reached. Processor 82/0x4a ignored.
APIC: NR_CPUS/possible_cpus limit of 1 reached. Processor 83/0x4b ignored.
APIC: NR_CPUS/possible_cpus limit of 1 reached. Processor 84/0x4d ignored.
APIC: NR_CPUS/possible_cpus limit of 1 reached. Processor 85/0x4f ignored.
APIC: NR_CPUS/possible_cpus limit of 1 reached. Processor 86/0x51 ignored.
APIC: NR_CPUS/possible_cpus limit of 1 reached. Processor 87/0x52 ignored.
APIC: NR_CPUS/possible_cpus limit of 1 reached. Processor 88/0x53 ignored.
APIC: NR_CPUS/possible_cpus limit of 1 reached. Processor 89/0x54 ignored.
APIC: NR_CPUS/possible_cpus limit of 1 reached. Processor 90/0x55 ignored.
APIC: NR_CPUS/possible_cpus limit of 1 reached. Processor 91/0x57 ignored.
APIC: NR_CPUS/possible_cpus limit of 1 reached. Processor 92/0x59 ignored.
APIC: NR_CPUS/possible_cpus limit of 1 reached. Processor 93/0x5b ignored.
APIC: NR_CPUS/possible_cpus limit of 1 reached. Processor 94/0x5d ignored.
APIC: NR_CPUS/possible_cpus limit of 1 reached. Processor 95/0x5f ignored.
ACPI: LAPIC_NMI (acpi_id[0xff] high edge lint[0x1])
IOAPIC[0]: apic_id 8, version 32, address 0xfec00000, GSI 0-119
IOAPIC[1]: apic_id 9, version 32, address 0xfec01000, GSI 120-127
IOAPIC[2]: apic_id 10, version 32, address 0xfec08000, GSI 128-135
IOAPIC[3]: apic_id 11, version 32, address 0xfec10000, GSI 136-143
IOAPIC[4]: apic_id 12, version 32, address 0xfec18000, GSI 144-151
ACPI: INT_SRC_OVR (bus 0 bus_irq 0 global_irq 2 dfl dfl)
ACPI: INT_SRC_OVR (bus 0 bus_irq 9 global_irq 9 high level)
Using ACPI (MADT) for SMP configuration information
ACPI: HPET id: 0x8086a701 base: 0xfed00000
[mem 0x90000000-0xfcffffff] available for PCI devices
clocksource: refined-jiffies: mask: 0xffffffff max_cycles: 0xffffffff, max_idle_ns: 7645519600211568 ns
Built 1 zonelists, mobility grouping on.  Total pages: 16495833
Kernel command line: earlyprintk=serial,ttyS0,115200 console=ttyS0,115200 
Dentry cache hash table entries: 8388608 (order: 14, 67108864 bytes)
Inode-cache hash table entries: 4194304 (order: 13, 33554432 bytes)
Memory: 65797568K/66898044K available (8200K kernel code, 589K rwdata, 1308K rodata, 4232K init, 1316K bss, 1100476K reserved, 0K cma-reserved)
NR_IRQS: 4352, nr_irqs: 176, preallocated irqs: 16
Console: colour dummy device 80x25
console [ttyS0] enabled
ACPI: Core revision 20180810
clocksource: hpet: mask: 0xffffffff max_cycles: 0xffffffff, max_idle_ns: 79635855245 ns
APIC: Switch to symmetric I/O mode setup
..TIMER: vector=0x30 apic1=0 pin1=2 apic2=0 pin2=0
clocksource: tsc-early: mask: 0xffffffffffffffff max_cycles: 0x2f914c51abd, max_idle_ns: 440795298667 ns
Calibrating delay loop (skipped), value calculated using timer frequency.. 6600.00 BogoMIPS (lpj=13200000)
pid_max: default: 4096 minimum: 301
Mount-cache hash table entries: 131072 (order: 8, 1048576 bytes)
Mountpoint-cache hash table entries: 131072 (order: 8, 1048576 bytes)
process: using mwait in idle threads
Last level iTLB entries: 4KB 64, 2MB 8, 4MB 8
Last level dTLB entries: 4KB 64, 2MB 0, 4MB 0, 1GB 4
CPU: Intel(R) Xeon(R) Platinum 8369HB CPU @ 3.30GHz (family: 0x6, model: 0x55, stepping: 0xb)
Spectre V2 : Mitigation: Enhanced IBRS
Spectre V2 : Spectre v2 / SpectreRSB mitigation: Filling RSB on context switch
Spectre V2 : Spectre v2 mitigation: Enabling Indirect Branch Prediction Barrier
Speculative Store Bypass: Mitigation: Speculative Store Bypass disabled via prctl
Performance Events: PEBS fmt3+, Skylake events, 32-deep LBR, full-width counters, Intel PMU driver.
... version:                4
... bit width:              48
... generic registers:      4
... value mask:             0000ffffffffffff
... max period:             00007fffffffffff
... fixed-purpose events:   3
... event mask:             000000070000000f
devtmpfs: initialized
clocksource: jiffies: mask: 0xffffffff max_cycles: 0xffffffff, max_idle_ns: 7645041785100000 ns
futex hash table entries: 16 (order: -4, 384 bytes)
random: get_random_u32 called from 0xffffffff811cf4e5 with crng_init=0
NET: Registered protocol family 16
cpuidle: using governor ladder
ACPI: bus type PCI registered
PCI: MMCONFIG for domain 0000 [bus 00-ff] at [mem 0x80000000-0x8fffffff] (base 0x80000000)
PCI: MMCONFIG at [mem 0x80000000-0x8fffffff] reserved in E820
PCI: Using configuration type 1 for base access
ACPI: Added _OSI(Module Device)
ACPI: Added _OSI(Processor Device)
ACPI: Added _OSI(3.0 _SCP Extensions)
ACPI: Added _OSI(Processor Aggregator Device)
ACPI: Added _OSI(Linux-Dell-Video)
ACPI: Added _OSI(Linux-Lenovo-NV-HDMI-Audio)
ACPI BIOS Error (bug): Could not resolve [\_SB.PC00.LPCB], AE_NOT_FOUND (20180810/dswload2-160)
ACPI Error: AE_NOT_FOUND, During name lookup/catalog (20180810/psobject-221)
ACPI Error: Ignore error and continue table load (20180810/psobject-604)
ACPI Error: Skip parsing opcode OpcodeName unavailable (20180810/psloop-543)
ACPI BIOS Error (bug): Could not resolve [\_SB.PC00.LPCB.SIO0], AE_NOT_FOUND (20180810/dswload2-160)
ACPI Error: AE_NOT_FOUND, During name lookup/catalog (20180810/psobject-221)
ACPI Error: Ignore error and continue table load (20180810/psobject-604)
ACPI Error: Skip parsing opcode OpcodeName unavailable (20180810/psloop-543)
ACPI BIOS Error (bug): Could not resolve [\_SB.PC00.LPCB.SIO0], AE_NOT_FOUND (20180810/dswload2-160)
ACPI Error: AE_NOT_FOUND, During name lookup/catalog (20180810/psobject-221)
ACPI Error: Ignore error and continue table load (20180810/psobject-604)
ACPI Error: Skip parsing opcode OpcodeName unavailable (20180810/psloop-543)
ACPI BIOS Error (bug): Could not resolve [\_SB.PC00.LPCB.SIO0], AE_NOT_FOUND (20180810/dswload2-160)
ACPI Error: AE_NOT_FOUND, During name lookup/catalog (20180810/psobject-221)
ACPI Error: Ignore error and continue table load (20180810/psobject-604)
ACPI Error: Skip parsing opcode OpcodeName unavailable (20180810/psloop-543)
ACPI BIOS Error (bug): Could not resolve [\_SB.PC00.LPCB.SIO0], AE_NOT_FOUND (20180810/dswload2-160)
ACPI Error: AE_NOT_FOUND, During name lookup/catalog (20180810/psobject-221)
ACPI Error: Ignore error and continue table load (20180810/psobject-604)
ACPI Error: Skip parsing opcode OpcodeName unavailable (20180810/psloop-543)
ACPI BIOS Error (bug): Could not resolve [\_SB.PC00.LPCB.SIO0], AE_NOT_FOUND (20180810/dswload2-160)
ACPI Error: AE_NOT_FOUND, During name lookup/catalog (20180810/psobject-221)
ACPI Error: Ignore error and continue table load (20180810/psobject-604)
ACPI Error: Skip parsing opcode OpcodeName unavailable (20180810/psloop-543)
ACPI BIOS Error (bug): Could not resolve [\_SB.PC00.LPCB.SIO0], AE_NOT_FOUND (20180810/dswload2-160)
ACPI Error: AE_NOT_FOUND, During name lookup/catalog (20180810/psobject-221)
ACPI Error: Ignore error and continue table load (20180810/psobject-604)
ACPI Error: Skip parsing opcode OpcodeName unavailable (20180810/psloop-543)
ACPI BIOS Error (bug): Could not resolve [\_SB.PC00.LPCB.SIO0], AE_NOT_FOUND (20180810/dswload2-160)
ACPI Error: AE_NOT_FOUND, During name lookup/catalog (20180810/psobject-221)
ACPI Error: Ignore error and continue table load (20180810/psobject-604)
ACPI Error: Skip parsing opcode OpcodeName unavailable (20180810/psloop-543)
ACPI: 2 ACPI AML tables successfully acquired and loaded
ACPI: Interpreter enabled
ACPI: (supports S0 S5)
ACPI: Using IOAPIC for interrupt routing
PCI: Using host bridge windows from ACPI; if necessary, use "pci=nocrs" and report a bug
ACPI: PCI Root Bridge [PCI0] (domain 0000 [bus 00-fe])
acpi PNP0A08:00: _OSC: OS supports [ExtendedConfig Segments]
acpi PNP0A08:00: PCIe port services disabled; not requesting _OSC control
PCI host bridge to bus 0000:00
pci_bus 0000:00: root bus resource [io  0x0000-0x0cf7 window]
pci_bus 0000:00: root bus resource [io  0x0d00-0xefff window]
pci_bus 0000:00: root bus resource [mem 0x000a0000-0x000bffff window]
pci_bus 0000:00: root bus resource [mem 0x000c0000-0x000c3fff window]
pci_bus 0000:00: root bus resource [mem 0x000c4000-0x000c7fff window]
pci_bus 0000:00: root bus resource [mem 0x000c8000-0x000cbfff window]
pci_bus 0000:00: root bus resource [mem 0x000cc000-0x000cffff window]
pci_bus 0000:00: root bus resource [mem 0x000d0000-0x000d3fff window]
pci_bus 0000:00: root bus resource [mem 0x000d4000-0x000d7fff window]
pci_bus 0000:00: root bus resource [mem 0x000d8000-0x000dbfff window]
pci_bus 0000:00: root bus resource [mem 0x000dc000-0x000dffff window]
pci_bus 0000:00: root bus resource [mem 0x000e0000-0x000e3fff window]
pci_bus 0000:00: root bus resource [mem 0x000e4000-0x000e7fff window]
pci_bus 0000:00: root bus resource [mem 0x000e8000-0x000ebfff window]
pci_bus 0000:00: root bus resource [mem 0x000ec000-0x000effff window]
pci_bus 0000:00: root bus resource [mem 0x000f0000-0x000fffff window]
pci_bus 0000:00: root bus resource [mem 0x90000000-0xfeafffff window]
pci_bus 0000:00: root bus resource [mem 0xfec00000-0xfecfffff window]
pci_bus 0000:00: root bus resource [mem 0xfed00000-0xfedfffff window]
pci_bus 0000:00: root bus resource [mem 0x380000000000-0x383fffffffff window]
pci_bus 0000:00: root bus resource [bus 00-fe]
pci 0000:01:00.0: enabling Extended Tags
pci 0000:00:1c.0: PCI bridge to [bus 01-02]
pci_bus 0000:02: extended config space not accessible
pci 0000:01:00.0: PCI bridge to [bus 02]
pci 0000:00:1c.1: bridge configuration invalid ([bus 00-00]), reconfiguring
pci 0000:00:1c.2: bridge configuration invalid ([bus 00-00]), reconfiguring
pci 0000:00:1c.3: bridge configuration invalid ([bus 00-00]), reconfiguring
pci 0000:00:1c.4: PCI bridge to [bus 03]
pci 0000:00:1c.5: bridge configuration invalid ([bus 00-00]), reconfiguring
pci 0000:00:1c.1: PCI bridge to [bus 04-fe]
pci 0000:00:1c.2: PCI bridge to [bus 05-fe]
pci 0000:00:1c.3: PCI bridge to [bus 06-fe]
pci 0000:00:1c.5: PCI bridge to [bus 07-fe]
ACPI: PCI Root Bridge [UNC0] (domain 0000 [bus ff])
acpi PNP0A03:00: _OSC: OS supports [ExtendedConfig Segments]
acpi PNP0A03:00: _OSC failed (AE_NOT_FOUND); disabling ASPM
PCI host bridge to bus 0000:ff
pci_bus 0000:ff: root bus resource [bus ff]
acpi LNXCPU:01: BIOS reported wrong ACPI id 0 for the processor
acpi LNXCPU:02: BIOS reported wrong ACPI id 0 for the processor
acpi LNXCPU:03: BIOS reported wrong ACPI id 0 for the processor
acpi LNXCPU:04: BIOS reported wrong ACPI id 0 for the processor
acpi LNXCPU:05: BIOS reported wrong ACPI id 0 for the processor
acpi LNXCPU:06: BIOS reported wrong ACPI id 0 for the processor
acpi LNXCPU:07: BIOS reported wrong ACPI id 0 for the processor
acpi LNXCPU:08: BIOS reported wrong ACPI id 0 for the processor
acpi LNXCPU:09: BIOS reported wrong ACPI id 0 for the processor
pci 0000:02:00.0: vgaarb: setting as boot VGA device
pci 0000:02:00.0: vgaarb: VGA device added: decodes=io+mem,owns=io+mem,locks=none
pci 0000:02:00.0: vgaarb: bridge control possible
vgaarb: loaded
SCSI subsystem initialized
ACPI: bus type USB registered
usbcore: registered new interface driver usbfs
usbcore: registered new interface driver hub
usbcore: registered new device driver usb
PCI: Using ACPI for IRQ routing
PCI: Discovered peer bus 15
PCI host bridge to bus 0000:15
pci_bus 0000:15: root bus resource [io  0x0000-0xffff]
pci_bus 0000:15: root bus resource [mem 0x00000000-0x3fffffffffff]
pci_bus 0000:15: No busn resource found for root bus, will use [bus 15-ff]
pci 0000:15:00.0: PCI bridge to [bus 16]
pci 0000:15:01.0: PCI bridge to [bus 17]
pci 0000:15:02.0: PCI bridge to [bus 18]
pci 0000:15:03.0: PCI bridge to [bus 19]
PCI: Discovered peer bus 63
PCI host bridge to bus 0000:63
pci_bus 0000:63: root bus resource [io  0x0000-0xffff]
pci_bus 0000:63: root bus resource [mem 0x00000000-0x3fffffffffff]
pci_bus 0000:63: No busn resource found for root bus, will use [bus 63-ff]
pci 0000:63:00.0: PCI bridge to [bus 64]
pci 0000:63:01.0: PCI bridge to [bus 65]
pci 0000:63:02.0: PCI bridge to [bus 66]
pci 0000:63:03.0: PCI bridge to [bus 67]
PCI: Discovered peer bus b1
PCI host bridge to bus 0000:b1
pci_bus 0000:b1: root bus resource [io  0x0000-0xffff]
pci_bus 0000:b1: root bus resource [mem 0x00000000-0x3fffffffffff]
pci_bus 0000:b1: No busn resource found for root bus, will use [bus b1-ff]
PCI: Discovered peer bus b2
PCI host bridge to bus 0000:b2
pci_bus 0000:b2: root bus resource [io  0x0000-0xffff]
pci_bus 0000:b2: root bus resource [mem 0x00000000-0x3fffffffffff]
pci_bus 0000:b2: No busn resource found for root bus, will use [bus b2-ff]
pci 0000:b2:00.0: PCI bridge to [bus b3]
pci 0000:b2:01.0: PCI bridge to [bus b4]
pci 0000:b5:00.0: 16.000 Gb/s available PCIe bandwidth, limited by 5 GT/s x4 link at 0000:b2:02.0 (capable of 63.008 Gb/s with 8 GT/s x8 link)
pci 0000:b2:02.0: PCI bridge to [bus b5]
pci 0000:b2:03.0: PCI bridge to [bus b6]
pci 0000:00:1c.0: can't claim BAR 9 [mem 0x200000000000-0x2000000fffff 64bit pref]: no compatible bridge window
pci 0000:01:00.0: can't claim BAR 9 [mem 0x200000000000-0x2000000fffff 64bit pref]: no compatible bridge window
pci 0000:00:1c.4: can't claim BAR 9 [mem 0x200000100000-0x2000001fffff 64bit pref]: no compatible bridge window
pci 0000:15:00.0: can't claim BAR 7 [io  0x5000-0x5fff]: address conflict with PCI Bus 0000:00 [io  0x0d00-0xefff window]
pci 0000:15:00.0: can't claim BAR 8 [mem 0xab000000-0xab0fffff]: address conflict with PCI Bus 0000:00 [mem 0x90000000-0xfeafffff window]
pci 0000:15:01.0: can't claim BAR 7 [io  0x6000-0x6fff]: address conflict with PCI Bus 0000:00 [io  0x0d00-0xefff window]
pci 0000:15:01.0: can't claim BAR 8 [mem 0xab100000-0xab1fffff]: address conflict with PCI Bus 0000:00 [mem 0x90000000-0xfeafffff window]
pci 0000:15:02.0: can't claim BAR 7 [io  0x7000-0x7fff]: address conflict with PCI Bus 0000:00 [io  0x0d00-0xefff window]
pci 0000:15:02.0: can't claim BAR 8 [mem 0xab200000-0xab2fffff]: address conflict with PCI Bus 0000:00 [mem 0x90000000-0xfeafffff window]
pci 0000:15:03.0: can't claim BAR 7 [io  0x8000-0x8fff]: address conflict with PCI Bus 0000:00 [io  0x0d00-0xefff window]
pci 0000:15:03.0: can't claim BAR 8 [mem 0xab300000-0xab3fffff]: address conflict with PCI Bus 0000:00 [mem 0x90000000-0xfeafffff window]
pci 0000:63:00.0: can't claim BAR 7 [io  0x9000-0x9fff]: address conflict with PCI Bus 0000:00 [io  0x0d00-0xefff window]
pci 0000:63:00.0: can't claim BAR 8 [mem 0xc6000000-0xc60fffff]: address conflict with PCI Bus 0000:00 [mem 0x90000000-0xfeafffff window]
pci 0000:63:01.0: can't claim BAR 7 [io  0xa000-0xafff]: address conflict with PCI Bus 0000:00 [io  0x0d00-0xefff window]
pci 0000:63:01.0: can't claim BAR 8 [mem 0xc6100000-0xc61fffff]: address conflict with PCI Bus 0000:00 [mem 0x90000000-0xfeafffff window]
pci 0000:63:02.0: can't claim BAR 7 [io  0xb000-0xbfff]: address conflict with PCI Bus 0000:00 [io  0x0d00-0xefff window]
pci 0000:63:02.0: can't claim BAR 8 [mem 0xc6200000-0xc62fffff]: address conflict with PCI Bus 0000:00 [mem 0x90000000-0xfeafffff window]
pci 0000:63:03.0: can't claim BAR 7 [io  0xc000-0xcfff]: address conflict with PCI Bus 0000:00 [io  0x0d00-0xefff window]
pci 0000:63:03.0: can't claim BAR 8 [mem 0xc6300000-0xc63fffff]: address conflict with PCI Bus 0000:00 [mem 0x90000000-0xfeafffff window]
pci 0000:b2:00.0: can't claim BAR 7 [io  0xd000-0xdfff]: address conflict with PCI Bus 0000:00 [io  0x0d00-0xefff window]
pci 0000:b2:00.0: can't claim BAR 8 [mem 0xe1000000-0xe10fffff]: address conflict with PCI Bus 0000:00 [mem 0x90000000-0xfeafffff window]
pci 0000:b2:01.0: can't claim BAR 7 [io  0xe000-0xefff]: address conflict with PCI Bus 0000:00 [io  0x0d00-0xefff window]
pci 0000:b2:01.0: can't claim BAR 8 [mem 0xe1100000-0xe11fffff]: address conflict with PCI Bus 0000:00 [mem 0x90000000-0xfeafffff window]
pci 0000:b2:02.0: can't claim BAR 8 [mem 0xe1200000-0xe12fffff]: address conflict with PCI Bus 0000:00 [mem 0x90000000-0xfeafffff window]
pci 0000:b2:03.0: can't claim BAR 8 [mem 0xe1300000-0xe13fffff]: address conflict with PCI Bus 0000:00 [mem 0x90000000-0xfeafffff window]
pci 0000:16:00.0: can't claim BAR 0 [mem 0xab000000-0xab003fff 64bit]: no compatible bridge window
clocksource: Switched to clocksource tsc-early
pnp: PnP ACPI init
system 00:00: [mem 0xfed00000-0xfed003ff] has been reserved
system 00:01: [io  0x0500-0x05fe] has been reserved
pnp: PnP ACPI: found 3 devices
pci 0000:01:00.0: PCI bridge to [bus 02]
pci 0000:01:00.0:   bridge window [io  0x1000-0x1fff]
pci 0000:01:00.0:   bridge window [mem 0x90000000-0x93ffffff]
pci 0000:00:1c.0: PCI bridge to [bus 01-02]
pci 0000:00:1c.0:   bridge window [io  0x1000-0x1fff]
pci 0000:00:1c.0:   bridge window [mem 0x90000000-0x93ffffff]
pci 0000:00:1c.1: PCI bridge to [bus 04]
pci 0000:00:1c.2: PCI bridge to [bus 05]
pci 0000:00:1c.3: PCI bridge to [bus 06]
pci 0000:00:1c.4: PCI bridge to [bus 03]
pci 0000:00:1c.4:   bridge window [io  0x2000-0x2fff]
pci 0000:00:1c.4:   bridge window [mem 0x94000000-0x940fffff]
pci 0000:00:1c.5: PCI bridge to [bus 07]
pci 0000:15:00.0: BAR 8: assigned [mem 0xfeb00000-0xfebfffff]
pci 0000:16:00.0: BAR 0: assigned [mem 0xfeb00000-0xfeb03fff 64bit]
pci 0000:15:00.0: PCI bridge to [bus 16]
pci 0000:15:00.0:   bridge window [mem 0xfeb00000-0xfebfffff]
pci 0000:15:00.0:   bridge window [mem 0x201000000000-0x2010000fffff 64bit pref]
pci 0000:15:01.0: PCI bridge to [bus 17]
pci 0000:15:01.0:   bridge window [mem 0x201000100000-0x2010001fffff 64bit pref]
pci 0000:15:02.0: PCI bridge to [bus 18]
pci 0000:15:02.0:   bridge window [mem 0x201000200000-0x2010002fffff 64bit pref]
pci 0000:15:03.0: PCI bridge to [bus 19]
pci 0000:15:03.0:   bridge window [mem 0x201000300000-0x2010003fffff 64bit pref]
pci 0000:63:00.0: PCI bridge to [bus 64]
pci 0000:63:00.0:   bridge window [mem 0x202000000000-0x2020000fffff 64bit pref]
pci 0000:63:01.0: PCI bridge to [bus 65]
pci 0000:63:01.0:   bridge window [mem 0x202000100000-0x2020001fffff 64bit pref]
pci 0000:63:02.0: PCI bridge to [bus 66]
pci 0000:63:02.0:   bridge window [mem 0x202000200000-0x2020002fffff 64bit pref]
pci 0000:63:03.0: PCI bridge to [bus 67]
pci 0000:63:03.0:   bridge window [mem 0x202000300000-0x2020003fffff 64bit pref]
pci 0000:b2:00.0: PCI bridge to [bus b3]
pci 0000:b2:00.0:   bridge window [mem 0x203000000000-0x2030000fffff 64bit pref]
pci 0000:b2:01.0: PCI bridge to [bus b4]
pci 0000:b2:01.0:   bridge window [mem 0x203000100000-0x2030001fffff 64bit pref]
pci 0000:b2:02.0: PCI bridge to [bus b5]
pci 0000:b2:02.0:   bridge window [io  0xf000-0xffff]
pci 0000:b2:02.0:   bridge window [mem 0x203000200000-0x2030007fffff 64bit pref]
pci 0000:b2:03.0: PCI bridge to [bus b6]
pci 0000:b2:03.0:   bridge window [mem 0x203000800000-0x2030008fffff 64bit pref]
NET: Registered protocol family 2
tcp_listen_portaddr_hash hash table entries: 32768 (order: 7, 524288 bytes)
TCP established hash table entries: 524288 (order: 10, 4194304 bytes)
TCP bind hash table entries: 65536 (order: 7, 524288 bytes)
TCP: Hash tables configured (established 524288 bind 65536)
UDP hash table entries: 32768 (order: 8, 1048576 bytes)
UDP-Lite hash table entries: 32768 (order: 8, 1048576 bytes)
NET: Registered protocol family 1
pci 0000:00:14.0: can't derive routing for PCI INT A
pci 0000:00:14.0: PCI INT A: no GSI
pci 0000:02:00.0: Video device with shadowed ROM at [mem 0x000c0000-0x000dffff]
PCI-DMA: Using software bounce buffering for IO (SWIOTLB)
software IO TLB: mapped [mem 0x6f280000-0x73280000] (64MB)
RAPL PMU: API unit is 2^-32 Joules, 3 fixed counters, 655360 ms ovfl timer
RAPL PMU: hw unit of domain pp0-core 2^-14 Joules
RAPL PMU: hw unit of domain package 2^-14 Joules
RAPL PMU: hw unit of domain dram 2^-16 Joules
workingset: timestamp_bits=62 max_order=24 bucket_order=0
Key type cifs.spnego registered
Key type cifs.idmap registered
ceph: loaded (mds proto 32)
Block layer SCSI generic (bsg) driver version 0.4 loaded (major 253)
io scheduler noop registered
io scheduler deadline registered
io scheduler cfq registered (default)
io scheduler mq-deadline registered
io scheduler kyber registered
input: Power Button as /devices/LNXSYSTM:00/LNXPWRBN:00/input/input0
ACPI: Power Button [PWRF]
[Firmware Bug]: ACPI MWAIT C-state 0x10 not supported by HW (0x20)
[Firmware Bug]: ACPI MWAIT C-state 0x30 not supported by HW (0x0)
Warning: Processor Platform Limit event detected, but not handled.
Consider compiling CPUfreq support into your kernel.
Serial: 8250/16550 driver, 4 ports, IRQ sharing disabled
?serial8250: ttyS0 at I/O 0x3f8 (irq = 4, base_baud = 115200) is a 16550A
megaraid cmm: 2.20.2.7 (Release Date: Sun Jul 16 00:01:03 EST 2006)
megaraid: 2.20.5.1 (Release Date: Thu Nov 16 15:32:35 EST 2006)
megasas: 07.706.03.00-rc1
mpt3sas version 26.100.00.00 loaded
st: Version 20160209, fixed bufsize 32768, s/g segs 256
osst :I: Tape driver with OnStream support version 0.99.4
osst :I: $Id: osst.c,v 1.73 2005/01/01 21:13:34 wriede Exp $
SCSI Media Changer driver v0.25 
nvme nvme0: pci function 0000:16:00.0
ahci 0000:00:11.5: AHCI 0001.0301 32 slots 6 ports 6 Gbps 0x3f impl SATA mode
ahci 0000:00:11.5: flags: 64bit ncq sntf pm led clo only pio slum part ems deso sadm sds apst 
pci 0000:15:00.0: can't derive routing for PCI INT A
pci 0000:15:00.0: PCI INT A: no GSI
pci 0000:15:00.0: can't derive routing for PCI INT A
nvme 0000:16:00.0: PCI INT A: no GSI
nvme nvme0: Removing after probe failure status: -19
scsi host0: ahci
scsi host1: ahci
scsi host2: ahci
scsi host3: ahci
scsi host4: ahci
scsi host5: ahci
ata1: SATA max UDMA/133 abar m524288@0x94100000 port 0x94100100 irq 21
ata2: SATA max UDMA/133 abar m524288@0x94100000 port 0x94100180 irq 21
ata3: SATA max UDMA/133 abar m524288@0x94100000 port 0x94100200 irq 21
ata4: SATA max UDMA/133 abar m524288@0x94100000 port 0x94100280 irq 21
ata5: SATA max UDMA/133 abar m524288@0x94100000 port 0x94100300 irq 21
ata6: SATA max UDMA/133 abar m524288@0x94100000 port 0x94100380 irq 21
ahci 0000:00:17.0: AHCI 0001.0301 32 slots 8 ports 6 Gbps 0xff impl SATA mode
ahci 0000:00:17.0: flags: 64bit ncq sntf pm led clo only pio slum part ems deso sadm sds apst 
scsi host6: ahci
scsi host7: ahci
scsi host8: ahci
scsi host9: ahci
scsi host10: ahci
scsi host11: ahci
scsi host12: ahci
scsi host13: ahci
ata7: SATA max UDMA/133 abar m524288@0x94180000 port 0x94180100 irq 20
ata8: SATA max UDMA/133 abar m524288@0x94180000 port 0x94180180 irq 20
ata9: SATA max UDMA/133 abar m524288@0x94180000 port 0x94180200 irq 20
ata10: SATA max UDMA/133 abar m524288@0x94180000 port 0x94180280 irq 20
ata11: SATA max UDMA/133 abar m524288@0x94180000 port 0x94180300 irq 20
ata12: SATA max UDMA/133 abar m524288@0x94180000 port 0x94180380 irq 20
ata13: SATA max UDMA/133 abar m524288@0x94180000 port 0x94180400 irq 20
ata14: SATA max UDMA/133 abar m524288@0x94180000 port 0x94180480 irq 20
pcnet32: pcnet32.c:v1.35 21.Apr.2008 tsbogend@alpha.franken.de
e1000: Intel(R) PRO/1000 Network Driver - version 7.3.21-k8-NAPI
e1000: Copyright (c) 1999-2006 Intel Corporation.
e1000e: Intel(R) PRO/1000 Network Driver - 3.2.6-k
e1000e: Copyright(c) 1999 - 2015 Intel Corporation.
igb: Intel(R) Gigabit Ethernet Network Driver - version 5.4.0-k
igb: Copyright (c) 2007-2014 Intel Corporation.
igbvf: Intel(R) Gigabit Virtual Function Network Driver - version 2.4.0-k
igbvf: Copyright (c) 2009 - 2012 Intel Corporation.
ixgbe: Intel(R) 10 Gigabit PCI Express Network Driver - version 5.1.0-k
ixgbe: Copyright (c) 1999-2016 Intel Corporation.
pci 0000:b2:02.0: can't derive routing for PCI INT C
pci 0000:b2:02.0: PCI INT C: no GSI
pci 0000:b2:02.0: can't derive routing for PCI INT A
ixgbe 0000:b5:00.0: PCI INT A: no GSI
ata1: SATA link down (SStatus 4 SControl 300)
ata5: SATA link down (SStatus 4 SControl 300)
ata6: SATA link down (SStatus 4 SControl 300)
ata4: SATA link down (SStatus 4 SControl 300)
ata3: SATA link down (SStatus 4 SControl 300)
ata2: SATA link down (SStatus 4 SControl 300)
tsc: Refined TSC clocksource calibration: 3299.999 MHz
clocksource: tsc: mask: 0xffffffffffffffff max_cycles: 0x2f914bc4411, max_idle_ns: 440795317975 ns
clocksource: Switched to clocksource tsc
ata14: SATA link down (SStatus 4 SControl 300)
ata13: SATA link down (SStatus 4 SControl 300)
ata12: SATA link down (SStatus 4 SControl 300)
ata11: SATA link down (SStatus 4 SControl 300)
ata10: SATA link down (SStatus 4 SControl 300)
ata9: SATA link down (SStatus 4 SControl 300)
ata8: SATA link down (SStatus 4 SControl 300)
ata7: SATA link down (SStatus 4 SControl 300)
ixgbe 0000:b5:00.0: Failed to allocate MSI-X interrupts. Err: -38
ixgbe 0000:b5:00.0: Disabling SR-IOV support
ixgbe 0000:b5:00.0: Disabling RSS support
ixgbe 0000:b5:00.0: Failed to allocate MSI interrupt, falling back to legacy. Error: -38
ixgbe 0000:b5:00.0: Multiqueue Disabled: Rx Queue count = 1, Tx Queue count = 1 XDP Queue count = 0
ixgbe 0000:b5:00.0: 16.000 Gb/s available PCIe bandwidth, limited by 5 GT/s x4 link at 0000:b2:02.0 (capable of 63.008 Gb/s with 8 GT/s x8 link)
ixgbe 0000:b5:00.0: MAC: 3, PHY: 0, PBA No: 000000-000
ixgbe 0000:b5:00.0: 6c:92:bf:5e:c9:33
ixgbe 0000:b5:00.0: Intel(R) 10 Gigabit Network Connection
pci 0000:b2:02.0: can't derive routing for PCI INT B
ixgbe 0000:b5:00.1: PCI INT B: no GSI
ixgbe 0000:b5:00.1: Failed to allocate MSI-X interrupts. Err: -38
ixgbe 0000:b5:00.1: Disabling SR-IOV support
ixgbe 0000:b5:00.1: Disabling RSS support
ixgbe 0000:b5:00.1: Failed to allocate MSI interrupt, falling back to legacy. Error: -38
ixgbe 0000:b5:00.1: Multiqueue Disabled: Rx Queue count = 1, Tx Queue count = 1 XDP Queue count = 0
ixgbe 0000:b5:00.1: 16.000 Gb/s available PCIe bandwidth, limited by 5 GT/s x4 link at 0000:b2:02.0 (capable of 63.008 Gb/s with 8 GT/s x8 link)
ixgbe 0000:b5:00.1: MAC: 3, PHY: 0, PBA No: 000000-000
ixgbe 0000:b5:00.1: 6c:92:bf:5e:c9:34
ixgbe 0000:b5:00.1: Intel(R) 10 Gigabit Network Connection
ixgb: Intel(R) PRO/10GbE Network Driver - version 1.0.135-k2-NAPI
ixgb: Copyright (c) 1999-2008 Intel Corporation.
ehci_hcd: USB 2.0 'Enhanced' Host Controller (EHCI) Driver
ehci-pci: EHCI PCI platform driver
ehci-platform: EHCI generic platform driver
ohci_hcd: USB 1.1 'Open' Host Controller (OHCI) Driver
ohci-pci: OHCI PCI platform driver
ohci-platform: OHCI generic platform driver
uhci_hcd: USB Universal Host Controller Interface driver
xhci_hcd 0000:00:14.0: can't derive routing for PCI INT A
xhci_hcd 0000:00:14.0: PCI INT A: no GSI
xhci_hcd 0000:00:14.0: xHCI Host Controller
xhci_hcd 0000:00:14.0: new USB bus registered, assigned bus number 1
xhci_hcd 0000:00:14.0: hcc params 0x200077c1 hci version 0x100 quirks 0x0000000000009810
xhci_hcd 0000:00:14.0: No msi-x/msi found and no IRQ in BIOS
xhci_hcd 0000:00:14.0: startup error -22
xhci_hcd 0000:00:14.0: USB bus 1 deregistered
xhci_hcd 0000:00:14.0: init 0000:00:14.0 fail, -22
xhci_hcd: probe of 0000:00:14.0 failed with error -22
usbcore: registered new interface driver uas
usbcore: registered new interface driver usb-storage
i8042: PNP: No PS/2 controller found.
hidraw: raw HID events driver (C) Jiri Kosina
usbcore: registered new interface driver usbhid
usbhid: USB HID core driver
pktgen: Packet Generator for packet performance testing. Version: 2.75
NET: Registered protocol family 10
Segment Routing with IPv6
sit: IPv6, IPv4 and MPLS over IPv4 tunneling driver
NET: Registered protocol family 17
NET: Registered protocol family 33
Key type rxrpc registered
Key type rxrpc_s registered
Key type dns_resolver registered
Key type ceph registered
libceph: loaded (mon/osd proto 15/24)
sched_clock: Marking stable (5471626417, 1051042909)->(7050273774, -527604448)
kAFS: Red Hat AFS client v0.1 registering.
kAFS: failed to register: -97
Freeing unused kernel image memory: 4232K
Write protecting the kernel read-only data: 12288k
Freeing unused kernel image memory: 2028K
Freeing unused kernel image memory: 740K
Run /init as init process
2023/04/19 09:13:39 Welcome to u-root!
                              _
   _   _      _ __ ___   ___ | |_
  | | | |____| '__/ _ \ / _ \| __|
  | |_| |____| | | (_) | (_) | |_
   \__,_|    |_|  \___/ \___/ \__|

init: 2023/04/19 09:13:39 no modules found matching '/lib/modules/*.ko'
/# boot
2023/04/19 09:14:37 Booting from the following block devices: []


Welcome to LinuxBoot's Menu

Enter a number to boot a kernel:

1.  Reboot

2.  Enter a LinuxBoot shell


Enter an option ('01' is the default, 'e' to edit kernel cmdline):
 > lspci\
"lspci\\" is not a valid entry number
Enter an option ('01' is the default, 'e' to edit kernel cmdline):
 > lspci 
"lspci" is not a valid entry number
Enter an option ('01' is the default, 'e' to edit kernel cmdline):
 > 

2023/04/19 09:14:44 Nothing to boot.
Exception: boot exited with 1
[tty 1], line 1: boot
/# lspci
Exception: exec: "lspci": executable file not found in $PATH
[tty 2], line 1: lspci
/# pci
0000:00:00.0: BridgeHost: Intel Corporation Sky Lake-E DMI3 Registers
0000:00:04.0: SystemOther: Intel Corporation Sky Lake-E CBDMA Registers
0000:00:04.1: SystemOther: Intel Corporation Sky Lake-E CBDMA Registers
0000:00:04.2: SystemOther: Intel Corporation Sky Lake-E CBDMA Registers
0000:00:04.3: SystemOther: Intel Corporation Sky Lake-E CBDMA Registers
0000:00:04.4: SystemOther: Intel Corporation Sky Lake-E CBDMA Registers
0000:00:04.5: SystemOther: Intel Corporation Sky Lake-E CBDMA Registers
0000:00:04.6: SystemOther: Intel Corporation Sky Lake-E CBDMA Registers
0000:00:04.7: SystemOther: Intel Corporation Sky Lake-E CBDMA Registers
0000:00:05.0: SystemOther: Intel Corporation Sky Lake-E MM/Vt-d Configuration Registers
0000:00:05.1: SystemOther: Intel Corporation 2022
0000:00:05.2: SystemOther: Intel Corporation 2025
0000:00:05.6: SignalPERFCTR: Intel Corporation 2027
0000:00:07.0: SystemOther: Intel Corporation 2028
0000:00:07.4: SystemOther: Intel Corporation 202c
0000:00:07.7: SystemOther: Intel Corporation 202d
0000:00:08.0: SystemOther: Intel Corporation Sky Lake-E Ubox Registers
0000:00:08.1: SignalPERFCTR: Intel Corporation Sky Lake-E Ubox Registers
0000:00:08.2: SystemOther: Intel Corporation Sky Lake-E Ubox Registers
0000:00:11.0: ClassUnknown: Intel Corporation a1ec
0000:00:11.5: ClassUnknown: Intel Corporation Lewisburg SSATA Controller [AHCI mode]
0000:00:14.0: ClassUnknown: Intel Corporation Lewisburg USB 3.0 xHCI Controller
0000:00:16.0: CommunicationOther: Intel Corporation Lewisburg CSME: HECI #1
0000:00:16.4: CommunicationOther: Intel Corporation Lewisburg CSME: HECI #3
0000:00:17.0: ClassUnknown: Intel Corporation Lewisburg SATA Controller [AHCI mode]
0000:00:1c.0: BridgePCI: Intel Corporation Lewisburg PCI Express Root Port #1
0000:00:1c.1: BridgePCI: Intel Corporation Lewisburg PCI Express Root Port #2
0000:00:1c.2: BridgePCI: Intel Corporation Lewisburg PCI Express Root Port #3
0000:00:1c.3: BridgePCI: Intel Corporation Lewisburg PCI Express Root Port #4
0000:00:1c.4: BridgePCI: Intel Corporation Lewisburg PCI Express Root Port #5
0000:00:1c.5: BridgePCI: Intel Corporation Lewisburg PCI Express Root Port #6
0000:00:1f.0: BridgeISA: Intel Corporation a1cb
0000:00:1f.2: MemoryOther: Intel Corporation Lewisburg PMC
0000:00:1f.4: SerialSMBUS: Intel Corporation Lewisburg SMBus
0000:00:1f.5: ClassUnknown: Intel Corporation Lewisburg SPI Controller
0000:01:00.0: BridgePCI: ASPEED Technology, Inc. AST1150 PCI-to-PCI Bridge
0000:02:00.0: DisplayVGA: ASPEED Technology, Inc. ASPEED Graphics Family
0000:02:01.0: NotDefined: ASPEED Technology, Inc. 2402
0000:15:00.0: BridgePCI: Intel Corporation Sky Lake-E PCI Express Root Port A
0000:15:01.0: BridgePCI: Intel Corporation Sky Lake-E PCI Express Root Port B
0000:15:02.0: BridgePCI: Intel Corporation Sky Lake-E PCI Express Root Port C
0000:15:03.0: BridgePCI: Intel Corporation Sky Lake-E PCI Express Root Port D
0000:15:05.0: SystemOther: Intel Corporation 2034
0000:15:05.2: SystemOther: Intel Corporation Sky Lake-E RAS Configuration Registers
0000:15:05.6: SignalPERFCTR: Intel Corporation 2037
0000:15:07.0: SystemOther: Intel Corporation 2038
0000:15:07.1: SystemOther: Intel Corporation 2039
0000:15:07.2: SystemOther: Intel Corporation 203a
0000:15:07.3: SystemOther: Intel Corporation 203b
0000:15:07.4: SystemOther: Intel Corporation 203c
0000:15:07.7: SystemOther: Intel Corporation 203d
0000:15:08.0: SystemOther: Intel Corporation Sky Lake-E CHA Registers
0000:15:08.1: SystemOther: Intel Corporation Sky Lake-E CHA Registers
0000:15:08.2: SystemOther: Intel Corporation Sky Lake-E CHA Registers
0000:15:08.3: SystemOther: Intel Corporation Sky Lake-E CHA Registers
0000:15:08.4: SystemOther: Intel Corporation Sky Lake-E CHA Registers
0000:15:08.5: SystemOther: Intel Corporation Sky Lake-E CHA Registers
0000:15:08.6: SystemOther: Intel Corporation Sky Lake-E CHA Registers
0000:15:08.7: SystemOther: Intel Corporation Sky Lake-E CHA Registers
0000:15:09.0: SystemOther: Intel Corporation Sky Lake-E CHA Registers
0000:15:09.1: SystemOther: Intel Corporation Sky Lake-E CHA Registers
0000:15:09.2: SystemOther: Intel Corporation Sky Lake-E CHA Registers
0000:15:09.3: SystemOther: Intel Corporation Sky Lake-E CHA Registers
0000:15:09.4: SystemOther: Intel Corporation Sky Lake-E CHA Registers
0000:15:09.5: SystemOther: Intel Corporation Sky Lake-E CHA Registers
0000:15:09.6: SystemOther: Intel Corporation Sky Lake-E CHA Registers
0000:15:09.7: SystemOther: Intel Corporation Sky Lake-E CHA Registers
0000:15:0a.0: SystemOther: Intel Corporation Sky Lake-E CHA Registers
0000:15:0a.1: SystemOther: Intel Corporation Sky Lake-E CHA Registers
0000:15:0a.2: SystemOther: Intel Corporation Sky Lake-E CHA Registers
0000:15:0a.3: SystemOther: Intel Corporation Sky Lake-E CHA Registers
0000:15:0a.4: SystemOther: Intel Corporation Sky Lake-E CHA Registers
0000:15:0a.5: SystemOther: Intel Corporation Sky Lake-E CHA Registers
0000:15:0a.6: SystemOther: Intel Corporation Sky Lake-E CHA Registers
0000:15:0a.7: SystemOther: Intel Corporation Sky Lake-E CHA Registers
0000:15:0b.0: SystemOther: Intel Corporation Sky Lake-E CHA Registers
0000:15:0b.1: SystemOther: Intel Corporation Sky Lake-E CHA Registers
0000:15:0b.2: SystemOther: Intel Corporation Sky Lake-E CHA Registers
0000:15:0b.3: SystemOther: Intel Corporation Sky Lake-E CHA Registers
0000:15:0e.0: SystemOther: Intel Corporation Sky Lake-E CHA Registers
0000:15:0e.1: SystemOther: Intel Corporation Sky Lake-E CHA Registers
0000:15:0e.2: SystemOther: Intel Corporation Sky Lake-E CHA Registers
0000:15:0e.3: SystemOther: Intel Corporation Sky Lake-E CHA Registers
0000:15:0e.4: SystemOther: Intel Corporation Sky Lake-E CHA Registers
0000:15:0e.5: SystemOther: Intel Corporation Sky Lake-E CHA Registers
0000:15:0e.6: SystemOther: Intel Corporation Sky Lake-E CHA Registers
0000:15:0e.7: SystemOther: Intel Corporation Sky Lake-E CHA Registers
0000:15:0f.0: SystemOther: Intel Corporation Sky Lake-E CHA Registers
0000:15:0f.1: SystemOther: Intel Corporation Sky Lake-E CHA Registers
0000:15:0f.2: SystemOther: Intel Corporation Sky Lake-E CHA Registers
0000:15:0f.3: SystemOther: Intel Corporation Sky Lake-E CHA Registers
0000:15:0f.4: SystemOther: Intel Corporation Sky Lake-E CHA Registers
0000:15:0f.5: SystemOther: Intel Corporation Sky Lake-E CHA Registers
0000:15:0f.6: SystemOther: Intel Corporation Sky Lake-E CHA Registers
0000:15:0f.7: SystemOther: Intel Corporation Sky Lake-E CHA Registers
0000:15:10.0: SystemOther: Intel Corporation Sky Lake-E CHA Registers
0000:15:10.1: SystemOther: Intel Corporation Sky Lake-E CHA Registers
0000:15:10.2: SystemOther: Intel Corporation Sky Lake-E CHA Registers
0000:15:10.3: SystemOther: Intel Corporation Sky Lake-E CHA Registers
0000:15:10.4: SystemOther: Intel Corporation Sky Lake-E CHA Registers
0000:15:10.5: SystemOther: Intel Corporation Sky Lake-E CHA Registers
0000:15:10.6: SystemOther: Intel Corporation Sky Lake-E CHA Registers
0000:15:10.7: SystemOther: Intel Corporation Sky Lake-E CHA Registers
0000:15:11.0: SystemOther: Intel Corporation Sky Lake-E CHA Registers
0000:15:11.1: SystemOther: Intel Corporation Sky Lake-E CHA Registers
0000:15:11.2: SystemOther: Intel Corporation Sky Lake-E CHA Registers
0000:15:11.3: SystemOther: Intel Corporation Sky Lake-E CHA Registers
0000:15:14.0: SystemOther: Intel Corporation 208f
0000:15:14.1: SystemOther: Intel Corporation 208f
0000:15:14.2: SystemOther: Intel Corporation 208f
0000:15:14.3: SystemOther: Intel Corporation 208f
0000:15:14.4: SystemOther: Intel Corporation 208f
0000:15:14.5: SystemOther: Intel Corporation 208f
0000:15:14.6: SystemOther: Intel Corporation 208f
0000:15:14.7: SystemOther: Intel Corporation 208f
0000:15:15.0: SystemOther: Intel Corporation 208f
0000:15:15.1: SystemOther: Intel Corporation 208f
0000:15:15.2: SystemOther: Intel Corporation 208f
0000:15:15.3: SystemOther: Intel Corporation 208f
0000:15:15.4: SystemOther: Intel Corporation 208f
0000:15:15.5: SystemOther: Intel Corporation 208f
0000:15:15.6: SystemOther: Intel Corporation 208f
0000:15:15.7: SystemOther: Intel Corporation 208f
0000:15:16.0: SystemOther: Intel Corporation 208f
0000:15:16.1: SystemOther: Intel Corporation 208f
0000:15:16.2: SystemOther: Intel Corporation 208f
0000:15:16.3: SystemOther: Intel Corporation 208f
0000:15:16.4: SystemOther: Intel Corporation 208f
0000:15:16.5: SystemOther: Intel Corporation 208f
0000:15:16.6: SystemOther: Intel Corporation 208f
0000:15:16.7: SystemOther: Intel Corporation 208f
0000:15:17.0: SystemOther: Intel Corporation 208f
0000:15:17.1: SystemOther: Intel Corporation 208f
0000:15:17.2: SystemOther: Intel Corporation 208f
0000:15:17.3: SystemOther: Intel Corporation 208f
0000:15:1d.0: SystemOther: Intel Corporation Sky Lake-E CHA Registers
0000:15:1d.1: SystemOther: Intel Corporation Sky Lake-E CHA Registers
0000:15:1d.2: SystemOther: Intel Corporation Sky Lake-E CHA Registers
0000:15:1d.3: SystemOther: Intel Corporation Sky Lake-E CHA Registers
0000:15:1e.0: SystemOther: Intel Corporation Sky Lake-E PCU Registers
0000:15:1e.1: SystemOther: Intel Corporation Sky Lake-E PCU Registers
0000:15:1e.2: SystemOther: Intel Corporation Sky Lake-E PCU Registers
0000:15:1e.3: SystemOther: Intel Corporation Sky Lake-E PCU Registers
0000:15:1e.4: SystemOther: Intel Corporation Sky Lake-E PCU Registers
0000:15:1e.5: SystemOther: Intel Corporation Sky Lake-E PCU Registers
0000:15:1e.6: SystemOther: Intel Corporation Sky Lake-E PCU Registers
0000:15:1f.0: SystemOther: Intel Corporation Sky Lake-E PCU Registers
0000:15:1f.1: SystemOther: Intel Corporation 2079
0000:15:1f.2: SystemOther: Intel Corporation Sky Lake-E PCU Registers
0000:15:1f.3: SystemOther: Intel Corporation 207b
0000:15:1f.4: SystemOther: Intel Corporation 207c
0000:15:1f.5: SystemOther: Intel Corporation 207d
0000:15:1f.6: SystemOther: Intel Corporation 207e
0000:15:1f.7: SystemOther: Intel Corporation 207f
0000:16:00.0: ClassUnknown: Samsung Electronics Co Ltd NVMe SSD Controller SM961/PM961
0000:63:00.0: BridgePCI: Intel Corporation Sky Lake-E PCI Express Root Port A
0000:63:01.0: BridgePCI: Intel Corporation Sky Lake-E PCI Express Root Port B
0000:63:02.0: BridgePCI: Intel Corporation Sky Lake-E PCI Express Root Port C
0000:63:03.0: BridgePCI: Intel Corporation Sky Lake-E PCI Express Root Port D
0000:63:05.0: SystemOther: Intel Corporation 2034
0000:63:05.2: SystemOther: Intel Corporation Sky Lake-E RAS Configuration Registers
0000:63:05.6: SignalPERFCTR: Intel Corporation 2037
0000:63:07.0: SystemOther: Intel Corporation 2038
0000:63:07.1: SystemOther: Intel Corporation 2039
0000:63:07.2: SystemOther: Intel Corporation 203a
0000:63:07.3: SystemOther: Intel Corporation 203b
0000:63:07.4: SystemOther: Intel Corporation 203c
0000:63:07.7: SystemOther: Intel Corporation 203d
0000:63:08.0: SystemOther: Intel Corporation 2066
0000:63:08.1: SystemOther: Intel Corporation 2067
0000:63:09.0: SystemOther: Intel Corporation 2066
0000:63:09.1: SystemOther: Intel Corporation 2067
0000:63:0a.0: SystemOther: Intel Corporation 2040
0000:63:0a.1: SystemOther: Intel Corporation 2041
0000:63:0a.2: SystemOther: Intel Corporation 2042
0000:63:0a.3: SystemOther: Intel Corporation 2043
0000:63:0a.4: SystemOther: Intel Corporation 2044
0000:63:0a.5: SystemOther: Intel Corporation 2045
0000:63:0a.6: SystemOther: Intel Corporation 2046
0000:63:0a.7: SystemOther: Intel Corporation 2047
0000:63:0b.0: SystemOther: Intel Corporation 2048
0000:63:0b.1: SystemOther: Intel Corporation 2049
0000:63:0b.2: SystemOther: Intel Corporation 204a
0000:63:0b.3: SystemOther: Intel Corporation 204b
0000:63:0c.0: SystemOther: Intel Corporation 2040
0000:63:0c.1: SystemOther: Intel Corporation 2041
0000:63:0c.2: SystemOther: Intel Corporation 2042
0000:63:0c.3: SystemOther: Intel Corporation 2043
0000:63:0c.4: SystemOther: Intel Corporation 2044
0000:63:0c.5: SystemOther: Intel Corporation 2045
0000:63:0c.6: SystemOther: Intel Corporation 2046
0000:63:0c.7: SystemOther: Intel Corporation 2047
0000:63:0d.0: SystemOther: Intel Corporation 2048
0000:63:0d.1: SystemOther: Intel Corporation 2049
0000:63:0d.2: SystemOther: Intel Corporation 204a
0000:63:0d.3: SystemOther: Intel Corporation 204b
0000:b1:0e.0: SignalPERFCTR: Intel Corporation 2058
0000:b1:0e.1: SystemOther: Intel Corporation 2059
0000:b1:0e.2: SystemOther: Intel Corporation 205a
0000:b1:0e.3: SystemOther: Intel Corporation 205b
0000:b1:0e.4: ClassUnknown: Intel Corporation 2058
0000:b1:0e.5: ClassUnknown: Intel Corporation 2059
0000:b1:0e.6: ClassUnknown: Intel Corporation 205a
0000:b1:0f.0: SignalPERFCTR: Intel Corporation 2058
0000:b1:0f.1: SystemOther: Intel Corporation 2059
0000:b1:0f.2: SystemOther: Intel Corporation 205a
0000:b1:0f.3: ClassUnknown: Intel Corporation 205b
0000:b1:0f.4: ClassUnknown: Intel Corporation 2058
0000:b1:0f.5: ClassUnknown: Intel Corporation 2059
0000:b1:0f.6: ClassUnknown: Intel Corporation 205a
0000:b1:10.0: SignalPERFCTR: Intel Corporation 2058
0000:b1:10.1: SystemOther: Intel Corporation 2059
0000:b1:10.2: SystemOther: Intel Corporation 205a
0000:b1:10.3: SystemOther: Intel Corporation 205b
0000:b1:10.4: ClassUnknown: Intel Corporation 2058
0000:b1:10.5: ClassUnknown: Intel Corporation 2059
0000:b1:10.6: ClassUnknown: Intel Corporation 205a
0000:b1:12.0: SignalPERFCTR: Intel Corporation Sky Lake-E M3KTI Registers
0000:b1:12.1: SignalPERFCTR: Intel Corporation Sky Lake-E M3KTI Registers
0000:b1:12.2: SystemOther: Intel Corporation Sky Lake-E M3KTI Registers
0000:b1:12.3: SystemOther: Intel Corporation 204f
0000:b1:13.0: ClassUnknown: Intel Corporation Sky Lake-E M3KTI Registers
0000:b1:13.1: ClassUnknown: Intel Corporation Sky Lake-E M3KTI Registers
0000:b1:13.2: ClassUnknown: Intel Corporation Sky Lake-E M3KTI Registers
0000:b1:14.0: ClassUnknown: Intel Corporation Sky Lake-E M3KTI Registers
0000:b1:14.1: ClassUnknown: Intel Corporation Sky Lake-E M3KTI Registers
0000:b1:14.2: ClassUnknown: Intel Corporation Sky Lake-E M3KTI Registers
0000:b1:15.0: SystemOther: Intel Corporation Sky Lake-E M2PCI Registers
0000:b1:15.1: SignalPERFCTR: Intel Corporation 2088
0000:b1:15.3: SystemOther: Intel Corporation 2019
0000:b1:16.0: SystemOther: Intel Corporation Sky Lake-E M2PCI Registers
0000:b1:16.1: SignalPERFCTR: Intel Corporation 2088
0000:b1:16.3: SystemOther: Intel Corporation 2019
0000:b1:17.0: SystemOther: Intel Corporation Sky Lake-E M2PCI Registers
0000:b1:17.1: SignalPERFCTR: Intel Corporation 2088
0000:b1:17.3: SystemOther: Intel Corporation 2019
0000:b2:00.0: BridgePCI: Intel Corporation 203f
0000:b2:01.0: BridgePCI: Intel Corporation Sky Lake-E PCI Express Root Port B
0000:b2:02.0: BridgePCI: Intel Corporation Sky Lake-E PCI Express Root Port C
0000:b2:03.0: BridgePCI: Intel Corporation Sky Lake-E PCI Express Root Port D
0000:b2:05.0: SystemOther: Intel Corporation 2034
0000:b2:05.2: SystemOther: Intel Corporation Sky Lake-E RAS Configuration Registers
0000:b2:05.6: SignalPERFCTR: Intel Corporation 2037
0000:b2:07.0: SystemOther: Intel Corporation 2038
0000:b2:07.1: SystemOther: Intel Corporation 2039
0000:b2:07.2: SystemOther: Intel Corporation 203a
0000:b2:07.3: SystemOther: Intel Corporation 203b
0000:b2:07.4: SystemOther: Intel Corporation 203c
0000:b2:07.7: SystemOther: Intel Corporation 203d
0000:b5:00.0: NetworkEthernet: Intel Corporation Ethernet Controller 10-Gigabit X540-AT2
0000:b5:00.1: NetworkEthernet: Intel Corporation Ethernet Controller 10-Gigabit X540-AT2
/#                                                                root@linuxboot
